[33mΓ¥»[39m Building...
node.exe : C:\Users\DELL\Jiwar-Angular\node_modules\tailwindcss\di
st\lib.js:38
At C:\Users\DELL\AppData\Roaming\npm\ng.ps1:24 char:5
+     & "node$exe"  
"$basedir/node_modules/@angular/cli/bin/ng.js" $arg ...
+     
~~~~~~~~~~~~~~~~~~~~~~~~~~~~~~~~~~~~~~~~~~~~~~~~~~~~~~~~~~~~~~~~~
    + CategoryInfo          : NotSpecified: (C:\Users\DELL\J...\d 
   ist\lib.js:38:String) [], RemoteException
    + FullyQualifiedErrorId : NativeCommandError
 
${P}`)}}))u.get(y)?.(A);for(let y of m)y(A);if(d){let 
y=[];for(let[N,P]of 
A.theme.entries()){if(P.options&2)continue;let 
z=a(xe(N),P.value);z.src=P.src,y.push(z)}let 
K=A.theme.getKeyframes();for(let N of K)e.push(de({theme:!0},[W([N
])]));d.nodes=[de({theme:!0},y)]}if(l|=ot(e,A),l|=Fe(e,A),l|=$e(e,
A),p){let y=p;y.kind="context",y.context={}}return 
_(e,y=>{if(y.kind==="at-rule")return y.name==="@utility"?V.Replace
([]):V.Skip}),{designSystem:A,ast:e,sources:h,root:S,utilitiesNode
:p,features:l,inlineCandidates:w}}async function cn(e,r={}){let{de
signSystem:i,ast:t,sources:n,root:l,utilitiesNode:o,features:f,inl
ineCandidates:u}=await un(e,r);t.unshift(dt(`! tailwindcss v${dr} 
| MIT License | https://tailwindcss.com `));function 
c(h){i.invalidCandidates.add(h)}let m=new 
Set,d=null,p=0,k=!1;for(let h of u)i.invalidCandidates.has(h)||(m.
add(h),k=!0);return{sources:n,root:l,features:f,build(h){if(f===0)
return e;if(!o)return d??=Re(t,i,r.polyfills),d;let 
w=k,x=!1;k=!1;let S=m.size;for(let y of 
h)if(!i.invalidCandidates.has(y))if(y[0]==="-"&&y[1]==="-"){let 
K=i.theme.markUsedVariable(y);w||=K,x||=K}else 
m.add(y),w||=m.size!==S;if(!w)return 
d??=Re(t,i,r.polyfills),d;let 
A=Te(m,i,{onInvalidCandidate:c}).astNodes;return r.from&&_(A,y=>{y
.src??=o.src}),!x&&p===A.length?(d??=Re(t,i,r.polyfills),d):(p=A.l
ength,o.nodes=A,d=Re(t,i,r.polyfills),d)}}}async function 
Fa(e,r={}){let i=Ne(e,{from:r.from}),t=await 
cn(i,r),n=i,l=e;return{...t,build(o){let f=t.build(o);return 
f===n||(l=ie(f,!!r.from),n=f),l},buildSourceMap(){return 
an({ast:n})}}}async function Wa(e,r={}){return(await 
un(Ne(e,{from:r.from}),r)).designSystem}function lt(){throw new 
Error("It looks like you're trying to use `tailwindcss` directly 
as a PostCSS plugin. The PostCSS plugin has moved to a separate 
package, so to continue using Tailwind CSS with PostCSS you'll 
need to install `@tailwindcss/postcss` and update your PostCSS 
configuration.")}for(let e in 
It)e!=="default"&&(lt[e]=It[e]);module.exports=lt;
                                                                  
                                                                  
                                                                  
                                                                  
                                                                  
                                                                  
                                                                  
                                                                  
                                                                  
                                                                  
                                                                  
                                                                  
                                                                  
                                                                  
                                                                  
                              

Error: It looks like you're trying to use `tailwindcss` directly 
as a PostCSS plugin. The PostCSS plugin has moved to a separate 
package, so to continue using Tailwind CSS with PostCSS you'll 
need to install `@tailwindcss/postcss` and update your PostCSS 
configuration.
    at Object.lt [as default] (C:\Users\DELL\Jiwar-Angular\node_mo
dules\tailwindcss\dist\lib.js:38:1643)
    at StylesheetPluginFactory.initPostcss (C:\Users\DELL\Jiwar-An
gular\node_modules\@angular\build\src\tools\esbuild\stylesheets\st
ylesheet-plugin-factory.js:169:66)

Node.js v22.12.0
