
> app@0.0.0 build
> ng build

[33mΓ¥»[39m Building...
[32mΓ£ö[39m Building...
Application bundle generation failed. [6.355 seconds]

node.exe : [1m[33m[33mΓû▓ 
[43;33m[[43;30mWARNING[43;
33m][0m [1mTS-998113: 
SafeUrlPipe is not used 
within the template of 
PropertyDetailsComponent[0m 
[1m[35m[plugin 
angular-compiler][0m
At line:1 char:1
+ & "C:\Program 
Files\nodejs/node.exe" 
"C:\Program 
Files\nodejs/node_mo ...
+ ~~~~~~~~~~~~~~~~~~~~~~~~~~~
~~~~~~~~~~~~~~~~~~~~~~~~~~~~~
~~~~~~~~~~~~~
    + CategoryInfo           
   : NotSpecified: ([1m[3  
  3m[33mΓ...r-compiler][   
 0m:String) [], RemoteExc    
eption
    + FullyQualifiedErrorId  
   : NativeCommandError
 

    src/app/core/pages/proper
ty-details/property-details.c
omponent.ts:60:4:
[37m      60 Γöé     
[32mSafeUrlPipe[37m
         Γò╡     
[32m~~~~~~~~~~~[0m

[39m[22m
[1m[31m[31mX [41;31m[[41
;97mERROR[41;31m][0m 
[1mCould not resolve 
"ng2-charts"[0m

    src/app/features/dashboar
d/pages/Admin/overview/overvi
ew.component.ts:5:76:
[37m      5 Γöé ...ctive, 
provideCharts, 
withDefaultRegisterables } 
from [32m'ng2-charts'[37m;
        Γò╡                  
                             
           
[32m~~~~~~~~~~~~[0m

  You can mark the path 
"ng2-charts" as external to 
exclude it from the bundle, 
which will remove this error 
and leave the unresolved 
path in the bundle.


[31mX [41;31m[[41;97mERROR
[41;31m][0m [1mTS2307: 
Cannot find module 
'ng2-charts' or its 
corresponding type 
declarations.[0m 
[1m[35m[plugin 
angular-compiler][0m

    src/app/features/dashboar
d/pages/Admin/overview/overvi
ew.component.ts:5:76:
[37m      5 Γöé ...ctive, 
provideCharts, 
withDefaultRegisterables } 
from [32m'ng2-charts'[37m;
        Γò╡                  
                             
           
[32m~~~~~~~~~~~~[0m


[31mX [41;31m[[41;97mERROR
[41;31m][0m [1mTS2307: 
Cannot find module 
'chart.js' or its 
corresponding type 
declarations.[0m 
[1m[35m[plugin 
angular-compiler][0m

    src/app/features/dashboar
d/pages/Admin/overview/overvi
ew.component.ts:6:57:
[37m      6 Γöé import { 
ChartConfiguration, 
ChartData, ChartType } from 
[32m'chart.js'[37m;
        Γò╡                  
                             
           
[32m~~~~~~~~~~[0m


[31mX [41;31m[[41;97mERROR
[41;31m][0m [1mTS-991010: 
'imports' must be an array 
of components, directives, 
pipes, or NgModules.
  Value could not be 
determined statically.[0m 
[1m[35m[plugin 
angular-compiler][0m

    src/app/features/dashboar
d/pages/Admin/overview/overvi
ew.component.ts:11:26:
[37m      11 Γöé   imports: 
[CommonModule, [32mBaseChart
Directive[37m],
         Γò╡                 
          
[32m~~~~~~~~~~~~~~~~~~[0m

  Unknown reference.

    src/app/features/dashboar
d/pages/Admin/overview/overvi
ew.component.ts:11:26:
[37m      11 Γöé   imports: 
[CommonModule, [32mBaseChart
Directive[37m],
         Γò╡                 
          
[32m~~~~~~~~~~~~~~~~~~[0m

[39m[22m
